<html>
<body>
<pre>
<h1>�Vision Build Log</h1>
<h2>Tool Versions:</h2>
IDE-Version: ��Vision V5.38.0.0
Copyright (C) 2022 ARM Ltd and ARM Germany GmbH. All rights reserved.
License Information: 1 Lenovo, 1, LIC=TIVNB-29PTZ-HLACL-0E60M-XERB5-VKHTK
 
Tool Versions:
Toolchain:       MDK-ARM Plus  Version: 5.38.0.0
Toolchain Path:  D:\Keil MDK v5.38\ARM\Version5.06\Bin
C Compiler:      Armcc.exe V5.06 update 7 (build 960)
Assembler:       Armasm.exe V5.06 update 7 (build 960)
Linker/Locator:  ArmLink.exe V5.06 update 7 (build 960)
Library Manager: ArmAr.exe V5.06 update 7 (build 960)
Hex Converter:   FromElf.exe V5.06 update 7 (build 960)
CPU DLL:         SARMCM3.DLL V5.38.0.0
Dialog DLL:      DCM.DLL V1.17.5.0
Target DLL:      CMSIS_AGDI.dll V1.33.15.0
Dialog DLL:      TCM.DLL V1.56.4.0
 
<h2>Project:</h2>
D:\HALProject\FristRTOS\MDK-ARM\FristRTOS.uvprojx
Project File Date:  09/23/2024

<h2>Output:</h2>
*** Using Compiler 'V5.06 update 7 (build 960)', folder: 'D:\Keil MDK v5.38\ARM\Version5.06\Bin'
Rebuild target 'FristRTOS'
assembling startup_stm32f407xx.s...
compiling stm32f4xx_hal_dma.c...
compiling stm32f4xx_hal_flash_ex.c...
compiling stm32f4xx_hal_rcc.c...
compiling gpio.c...
compiling stm32f4xx_hal_pwr_ex.c...
compiling freertos.c...
../Core/Src/freertos.c(90): warning:  #177-D: variable "xSoundTaskHandle"  was declared but never referenced
  		TaskHandle_t xSoundTaskHandle;
../Core/Src/freertos.c(91): warning:  #177-D: variable "ret"  was declared but never referenced
  		BaseType_t ret;
../Core/Src/freertos.c(49): warning:  #177-D: variable "lightStackBuffer"  was declared but never referenced
  static uint8_t lightStackBuffer[128*4];
../Core/Src/freertos.c(50): warning:  #177-D: variable "lightTaskBuffer"  was declared but never referenced
  static StaticTask_t lightTaskBuffer;
../Core/Src/freertos.c(51): warning:  #177-D: variable "xLightTaskHandle"  was declared but never referenced
  static TaskHandle_t xLightTaskHandle;//句柄：指向函数的栈的指针
../Core/Src/freertos.c: 5 warnings, 0 errors
compiling stm32f4xx_it.c...
compiling stm32f4xx_hal_msp.c...
compiling stm32f4xx_hal_pwr.c...
compiling stm32f4xx_hal_flash.c...
compiling croutine.c...
compiling event_groups.c...
compiling list.c...
compiling main.c...
compiling queue.c...
compiling stream_buffer.c...
compiling timers.c...
compiling stm32f4xx_hal_rcc_ex.c...
compiling heap_4.c...
compiling tasks.c...
compiling port.c...
compiling stm32f4xx_hal_flash_ramfunc.c...
compiling stm32f4xx_hal_timebase_tim.c...
compiling stm32f4xx_hal_gpio.c...
compiling stm32f4xx_hal_dma_ex.c...
compiling stm32f4xx_hal_cortex.c...
compiling system_stm32f4xx.c...
compiling stm32f4xx_hal_exti.c...
compiling stm32f4xx_hal.c...
compiling stm32f4xx_hal_tim_ex.c...
compiling cmsis_os2.c...
compiling stm32f4xx_hal_tim.c...
linking...
Program Size: Code=10972 RO-data=544 RW-data=152 ZI-data=20952  
FromELF: creating hex file...
"FristRTOS\FristRTOS.axf" - 0 Error(s), 5 Warning(s).

<h2>Software Packages used:</h2>

Package Vendor: ARM
                http://www.keil.com/pack/ARM.CMSIS.5.9.0.pack
                ARM.CMSIS.5.9.0
                CMSIS (Common Microcontroller Software Interface Standard)
   * Component: CORE Version: 5.6.0

Package Vendor: Keil
                https://www.keil.com/pack/Keil.STM32F4xx_DFP.2.17.1.pack
                Keil.STM32F4xx_DFP.2.17.1
                STMicroelectronics STM32F4 Series Device Support, Drivers and Examples

<h2>Collection of Component include folders:</h2>
  ./RTE/_FristRTOS
  D:/Keil MDK v5.38/ARM/CMSIS/5.9.0/CMSIS/Core/Include
  D:/Keil MDK v5.38/Keil/STM32F4xx_DFP/2.17.1/Drivers/CMSIS/Device/ST/STM32F4xx/Include

<h2>Collection of Component Files used:</h2>

   * Component: ARM::CMSIS:CORE:5.6.0
      Include file:  CMSIS/Core/Include/tz_context.h
Build Time Elapsed:  00:00:09
</pre>
</body>
</html>
